 Arquivo  Editar  Exibir  Ir  Git  Ajuda                                                            
 [untitled*]                                                                                        
 (vazio)                       1alfa beta                                                           
                              >2gama alfa                                                           
                               3beta alfa                                                           
                               4                                                                    
                                                                                                    
                                                                                                    
                                                                                                    
                                                                                                    
                                                                                                    
                                                                                                    
                                                                                                    
                                                                                                    
                                                                                                    
                                                                                                    
                                                                                                    
                                                                                                    
                                                                                                    
                                                                                                    
                                                                                                    
                                                                                                    
 buscar: alfa                          [acentos]  2/3                                               
 untitled*  editor                                                                     Ln 2, Col 10 