 Arquivo  Editar  Exibir  Ir  Git  Ajuda                                                            
 [untitled]                                                                                         
 (vazio)                      >1                                                                    
                                                                                                    
                                                                                                    
                                                                                                    
                                                                                                    
                                                                                                    
                                                                                                    
                                                                                                    
                                                                                                    
                                                                                                    
                                                                                                    
                                                                                                    
                                                                                                    
                                                                                                    
                                                                                                    
                                                                                                    
                                                                                                    
                                                                                                    
                                                                                                    
 buscar: alfa                          [acentos]  sem resultados                                    
substituir: ALFA                                                                                    
 untitled  editor                                                                       Ln 1, Col 1 