 Arquivo  Editar  Exibir  Ir  Git  Ajuda                                                            
 [untitled]                                                                                         
 (vazio)                      >1                                                                    
                                                                                                    
                                                                                                    
                                                                                                    
                                                                                                    
                                                                                                    
                                                                                                    
                                                                                                    
                                                                                                    
                                                                                                    
                                                                                                    
                                                                                                    
                                                                                                    
                                                                                                    
                                                                                                    
                                                                                                    
                                                                                                    
                                                                                                    
                                                                                                    
                                                                                                    
 buscar: [sem fechar                   [acentos regex]  padrão inválido: error parsing regexp: mi…
 untitled  editor                                                                       Ln 1, Col 1 