 Arquivo  Editar  Exibir  Ir  Git  Ajuda                                                            
 (sem documentos)                                                                                   
 (vazio)                         Atalhos                                                            
                                 ▶ alt+-  terminal_shrink                                          
                                   alt+/  which_key                                                 
                                   alt+=  terminal_grow                                             
                                   alt+left  prev_tab                                               
                                   alt+p  toggle_md_preview                                         
                                   alt+right  next_tab                                              
                                   alt+shift+/  welcome                                             
                                   alt+shift+s  save_as                                             
                                   alt+z  toggle_soft_wrap                                          
                                   backspace  backspace                                             
                                   ctrl+"  toggle_terminal                                          
                                   ctrl+'  toggle_terminal                                          
                                   ctrl+/  toggle_comment                                           
                                   ctrl+?  help                                                     
                                   ctrl+\  focus_tree                                               
                                   ctrl+`  toggle_terminal                                          
                                   ctrl+a  select_all                                               
                                   ctrl+alt+down  add_cursor_below                                  
                                   ctrl+alt+h  split_horizontal                                     
                                   ctrl+alt+i  jump_forward                                         
                                   ctrl+alt+left  focus_next_pane                                   
                                   ctrl+alt+o  jump_back                                            
                                   ctrl+alt+right  focus_next_pane                                  
                                   ctrl+alt+s  save_all                                             
                                   ctrl+alt+u  clear_extra_cursors                                  
                                 digite para filtrar · ↑↓ move · Enter fecha · Esc canc…      
 (sem título)  editor                                                                              