 Arquivo  Editar  Exibir  Ir  Git  Ajuda                                                            
 (sem documentos)                                                                                   
 (vazio)                         Comandos                                                           
                                 ▶ save                                                            
                                   save_as                                                          
                                   save_all                                                         
                                   undo                                                             
                                   redo                                                             
                                   find                                                             
                                   find_next                                                        
                                   find_prev                                                        
                                   project_find                                                     
                                   project_replace                                                  
                                   replace                                                          
                                   select_all                                                       
                                   copy                                                             
                                   paste                                                            
                                   cut                                                              
                                   toggle_comment                                                   
                                   toggle_soft_wrap                                                 
                                   toggle_md_preview                                                
                                   new_tab                                                          
                                   close_tab                                                        
                                   next_tab                                                         
                                   prev_tab                                                         
                                   open_folder                                                      
                                   open_file_fuzzy                                                  
                                   command_palette                                                  
                                 digite para filtrar · ↑↓ move · Enter fecha · Esc canc…      
 (sem título)  editor                                                                              