 Arquivo  Editar  Exibir  Ir  Git  Ajuda                    
 (sem documentos)                                           
 ( Ajuda                                                    
   ▶ alt+-  terminal_shrink                                
     alt+/  which_key                                       
     alt+=  terminal_grow                                   
     alt+left  prev_tab                                     
     alt+p  toggle_md_preview                               
     alt+right  next_tab                                    
     alt+shift+/  welcome                                   
     alt+shift+s  save_as                                   
     alt+z  toggle_soft_wrap                                
     backspace  backspace                                   
     ctrl+"  toggle_terminal                                
     ctrl+'  toggle_terminal                                
     ctrl+/  toggle_comment                                 
     ctrl+?  help                                           
     ctrl+\  focus_tree                                     
   digite para filtrar · ↑↓ move · Enter fecha …       
 (sem título)  editor                                      